  AnimationEditor.cpp
C:\Users\Jasmine\Desktop\학2원\DirectX\Project\Client\TreeUI.h(95,18): warning C4099: 'TreeNode': 처음에는 'struct'을(를) 사용하여 형식 이름을 표시했는데 이제는 'class'을(를) 사용하여 표시합니다.
  (소스 파일 '/AnimationEditor.cpp'을(를) 컴파일하는 중)
      C:\Users\Jasmine\Desktop\학2원\DirectX\Project\Client\TreeUI.h(4,8):
      'TreeNode' 선언을 참조하십시오.
  
C:\Users\Jasmine\Desktop\학2원\DirectX\Project\Client\AnimationEditor.cpp(159,42): warning C4267: '인수': 'size_t'에서 'int'(으)로 변환하면서 데이터가 손실될 수 있습니다.
  (소스 파일 '/AnimationEditor.cpp'을(를) 컴파일하는 중)
  
C:\Users\Jasmine\Desktop\학2원\DirectX\Project\Client\AnimationEditor.cpp(165,19): warning C4267: '=': 'size_t'에서 'int'(으)로 변환하면서 데이터가 손실될 수 있습니다.
  (소스 파일 '/AnimationEditor.cpp'을(를) 컴파일하는 중)
  
C:\Users\Jasmine\Desktop\학2원\DirectX\Project\Client\AnimationEditor.cpp(170,20): warning C4267: '인수': 'size_t'에서 'int'(으)로 변환하면서 데이터가 손실될 수 있습니다.
  (소스 파일 '/AnimationEditor.cpp'을(를) 컴파일하는 중)
  
C:\Users\Jasmine\Desktop\학2원\DirectX\Project\Client\AnimationEditor.cpp(171,20): warning C4267: '인수': 'size_t'에서 'int'(으)로 변환하면서 데이터가 손실될 수 있습니다.
  (소스 파일 '/AnimationEditor.cpp'을(를) 컴파일하는 중)
  
C:\Users\Jasmine\Desktop\학2원\DirectX\Project\Client\AnimationEditor.cpp(173,26): warning C4267: '인수': 'size_t'에서 'int'(으)로 변환하면서 데이터가 손실될 수 있습니다.
  (소스 파일 '/AnimationEditor.cpp'을(를) 컴파일하는 중)
  
C:\Program Files\Microsoft Visual Studio\2022\Community\VC\Tools\MSVC\14.44.35207\include\xutility(4813,18): warning C4244: '=': 'const wchar_t'에서 'char'(으)로 변환하면서 데이터가 손실될 수 있습니다.
  (소스 파일 '/AnimationEditor.cpp'을(를) 컴파일하는 중)
      C:\Program Files\Microsoft Visual Studio\2022\Community\VC\Tools\MSVC\14.44.35207\include\xutility(4813,18):
      템플릿 인스턴스화 컨텍스트(가장 오래된 인스턴스화 컨텍스트)가
          C:\Users\Jasmine\Desktop\학2원\DirectX\Project\Client\EditorUI.h(54,59):
          컴파일되는 함수 템플릿 인스턴스화 'std::basic_string<char,std::char_traits<char>,std::allocator<char>>::basic_string<std::_String_const_iterator<std::_String_val<std::_Simple_types<_Elem>>>,0>(_Iter,_Iter,const _Alloc &)'에 대한 참조를 확인하세요.
          with
          [
              _Elem=wchar_t,
              _Iter=std::_String_const_iterator<std::_String_val<std::_Simple_types<wchar_t>>>,
              _Alloc=std::allocator<char>
          ]
              C:\Users\Jasmine\Desktop\학2원\DirectX\Project\Client\EditorUI.h(54,46):
              'EditorUI::GetString'에서 'std::basic_string<char,std::char_traits<char>,std::allocator<char>>::basic_string'에 대한 첫 번째 참조를 확인하세요.
          C:\Program Files\Microsoft Visual Studio\2022\Community\VC\Tools\MSVC\14.44.35207\include\xstring(812,17):
          컴파일되는 함수 템플릿 인스턴스화 'void std::basic_string<char,std::char_traits<char>,std::allocator<char>>::_Construct_from_iter<const wchar_t*,const wchar_t*,_Size_type>(_Iter,const _Sent,_Size)'에 대한 참조를 확인하세요.
          with
          [
              _Size_type=unsigned __int64,
              _Iter=const wchar_t *,
              _Sent=const wchar_t *,
              _Size=unsigned __int64
          ]
          C:\Program Files\Microsoft Visual Studio\2022\Community\VC\Tools\MSVC\14.44.35207\include\xstring(968,18):
          컴파일되는 함수 템플릿 인스턴스화 '_OutIt *std::_Copy_n_unchecked4<const wchar_t*,_Size,char*>(_InIt,_SizeTy,_OutIt)'에 대한 참조를 확인하세요.
          with
          [
              _OutIt=char *,
              _Size=unsigned __int64,
              _InIt=const wchar_t *,
              _SizeTy=unsigned __int64
          ]
  
  Client.vcxproj -> C:\Users\Jasmine\Desktop\학2원\DirectX\OutputFile\Bin\MyGame.exe
