C:\Program Files\Microsoft Visual Studio\2022\Community\MSBuild\Microsoft\VC\v170\Microsoft.CppBuild.targets(524,5): warning MSB8004: Output 디렉터리가 슬래시로 끝나지 않습니다. Output 디렉터리의 적절한 평가를 허용하는 데 필요하므로 이 빌드 인스턴스에서 슬래시를 추가합니다.
  .\Project\Engine\AComputeShader.h
  .\Project\Engine\AFlipbook.h
  .\Project\Engine\AGraphicShader.h
  .\Project\Engine\AMaterial.h
  .\Project\Engine\AMesh.h
  .\Project\Engine\AParticleTickCS.h
  .\Project\Engine\ASetColorCS.h
  .\Project\Engine\ASprite.h
  .\Project\Engine\Asset.h
  .\Project\Engine\AssetMgr.h
  .\Project\Engine\assets.h
  .\Project\Engine\ATexture.h
  .\Project\Engine\CCamera.h
  .\Project\Engine\CCameraMoveScript.h
  .\Project\Engine\CCollider2D.h
  .\Project\Engine\CFlipbookRender.h
  .\Project\Engine\CLight2D.h
  .\Project\Engine\CMeshRender.h
  .\Project\Engine\CMissileScript.h
  .\Project\Engine\CMonsterScript.h
  .\Project\Engine\CollisionMgr.h
  .\Project\Engine\Component.h
  .\Project\Engine\components.h
  .\Project\Engine\ConstBuffer.h
  .\Project\Engine\CParticleRender.h
  .\Project\Engine\CPlayerScript.h
  .\Project\Engine\CRenderComponent.h
  .\Project\Engine\CScript.h
  .\Project\Engine\CSpriteRender.h
  .\Project\Engine\CTileRender.h
  .\Project\Engine\CTransform.h
  .\Project\Engine\define.h
  .\Project\Engine\Device.h
  .\Project\Engine\Engine.h
  .\Project\Engine\Entity.h
  .\Project\Engine\enum.h
  .\Project\Engine\func.h
  .\Project\Engine\GameObject.h
  .\Project\Engine\global.h
  .\Project\Engine\KeyMgr.h
  .\Project\Engine\Layer.h
  .\Project\Engine\Level.h
  .\Project\Engine\LevelMgr.h
  .\Project\Engine\PathMgr.h
  .\Project\Engine\Ptr.h
  .\Project\Engine\RenderMgr.h
  .\Project\Engine\SimpleMath.h
  .\Project\Engine\singleton.h
  .\Project\Engine\struct.h
  .\Project\Engine\StructuredBuffer.h
  .\Project\Engine\TaskMgr.h
  .\Project\Engine\TimeMgr.h
  52개 파일이 복사되었습니다.
  .\Project\Engine\SimpleMath.inl
  1개 파일이 복사되었습니다.
  .\Project\Engine\debug.fx
  .\Project\Engine\flipbook.fx
  .\Project\Engine\func.fx
  .\Project\Engine\particle.fx
  .\Project\Engine\particle_tick.fx
  .\Project\Engine\postprocess.fx
  .\Project\Engine\sprite.fx
  .\Project\Engine\std2d.fx
  .\Project\Engine\struct.fx
  .\Project\Engine\test.fx
  .\Project\Engine\tile.fx
  .\Project\Engine\value.fx
  12개 파일이 복사되었습니다.
  CFlipbookRender.cpp
  Engine.vcxproj -> C:\Users\Jasmine\Desktop\학2원\DirectX\External\Library\Engine\Engine_D.lib
